
  .   ____          _            __ _ _
 /\\ / ___'_ __ _ _(_)_ __  __ _ \ \ \ \
( ( )\___ | '_ | '_| | '_ \/ _` | \ \ \ \
 \\/  ___)| |_)| | | | | || (_| |  ) ) ) )
  '  |____| .__|_| |_|_| |_\__, | / / / /
 =========|_|==============|___/=/_/_/_/
 :: Spring Boot ::                (v3.2.5)

2026-08-20T23:49:34.484Z  INFO 68900 --- [           main] com.studenterp.StudentErpApplication     : Starting StudentErpApplication v1.0.0 using Java 21.0.12 with PID 68900 (/workspaces/crm/backend/target/student-erp-1.0.0.jar started by node in /workspaces/crm/backend)
2026-08-20T23:49:34.490Z  INFO 68900 --- [           main] com.studenterp.StudentErpApplication     : No active profile set, falling back to 1 default profile: "default"
2026-08-20T23:49:37.405Z  INFO 68900 --- [           main] .s.d.r.c.RepositoryConfigurationDelegate : Bootstrapping Spring Data JPA repositories in DEFAULT mode.
2026-08-20T23:49:37.710Z  INFO 68900 --- [           main] .s.d.r.c.RepositoryConfigurationDelegate : Finished Spring Data repository scanning in 285 ms. Found 39 JPA repository interfaces.
2026-08-20T23:49:39.330Z  INFO 68900 --- [           main] o.s.b.w.embedded.tomcat.TomcatWebServer  : Tomcat initialized with port 8080 (http)
2026-08-20T23:49:39.362Z  INFO 68900 --- [           main] o.apache.catalina.core.StandardService   : Starting service [Tomcat]
2026-08-20T23:49:39.363Z  INFO 68900 --- [           main] o.apache.catalina.core.StandardEngine    : Starting Servlet engine: [Apache Tomcat/10.1.20]
2026-08-20T23:49:39.447Z  INFO 68900 --- [           main] o.a.c.c.C.[Tomcat].[localhost].[/]       : Initializing Spring embedded WebApplicationContext
2026-08-20T23:49:39.449Z  INFO 68900 --- [           main] w.s.c.ServletWebServerApplicationContext : Root WebApplicationContext: initialization completed in 4672 ms
2026-08-20T23:49:39.836Z  INFO 68900 --- [           main] o.hibernate.jpa.internal.util.LogHelper  : HHH000204: Processing PersistenceUnitInfo [name: default]
2026-08-20T23:49:40.117Z  INFO 68900 --- [           main] org.hibernate.Version                    : HHH000412: Hibernate ORM core version 6.4.4.Final
2026-08-20T23:49:40.262Z  INFO 68900 --- [           main] o.h.c.internal.RegionFactoryInitiator    : HHH000026: Second-level cache disabled
2026-08-20T23:49:41.038Z  INFO 68900 --- [           main] o.s.o.j.p.SpringPersistenceUnitInfo      : No LoadTimeWeaver setup: ignoring JPA class transformer
2026-08-20T23:49:41.130Z  INFO 68900 --- [           main] com.zaxxer.hikari.HikariDataSource       : HikariPool-1 - Starting...
2026-08-20T23:49:41.468Z  INFO 68900 --- [           main] com.zaxxer.hikari.pool.HikariPool        : HikariPool-1 - Added connection com.mysql.cj.jdbc.ConnectionImpl@13234ac9
2026-08-20T23:49:41.473Z  INFO 68900 --- [           main] com.zaxxer.hikari.HikariDataSource       : HikariPool-1 - Start completed.
2026-08-20T23:49:41.528Z  WARN 68900 --- [           main] o.h.e.j.e.i.JdbcEnvironmentInitiator     : HHH000339: Could not obtain connection metadata: java.sql.SQLSyntaxErrorException: Unknown column 'RESERVED' in 'WHERE'
2026-08-20T23:49:41.573Z  WARN 68900 --- [           main] org.hibernate.orm.deprecation            : HHH90000025: MySQLDialect does not need to be specified explicitly using 'hibernate.dialect' (remove the property setting and it will be selected by default)
2026-08-20T23:49:44.970Z  INFO 68900 --- [           main] o.h.e.t.j.p.i.JtaPlatformInitiator       : HHH000489: No JTA platform available (set 'hibernate.transaction.jta.platform' to enable JTA platform integration)
2026-08-20T23:49:46.714Z  INFO 68900 --- [           main] j.LocalContainerEntityManagerFactoryBean : Initialized JPA EntityManagerFactory for persistence unit 'default'
2026-08-20T23:49:47.425Z  INFO 68900 --- [           main] o.s.d.j.r.query.QueryEnhancerFactory     : Hibernate is in classpath; If applicable, HQL parser will be used.
2026-08-20T23:49:50.093Z  WARN 68900 --- [           main] JpaBaseConfiguration$JpaWebConfiguration : spring.jpa.open-in-view is enabled by default. Therefore, database queries may be performed during view rendering. Explicitly configure spring.jpa.open-in-view to disable this warning
2026-08-20T23:49:50.338Z  INFO 68900 --- [           main] o.s.b.a.w.s.WelcomePageHandlerMapping    : Adding welcome page: class path resource [static/index.html]
2026-08-20T23:49:50.818Z  INFO 68900 --- [           main] o.s.s.web.DefaultSecurityFilterChain     : Will secure any request with [org.springframework.security.web.session.DisableEncodeUrlFilter@61f56074, org.springframework.security.web.context.request.async.WebAsyncManagerIntegrationFilter@95d1ba6, org.springframework.security.web.context.SecurityContextHolderFilter@1ab08e83, org.springframework.security.web.header.HeaderWriterFilter@75c858e6, org.springframework.web.filter.CorsFilter@637798b4, org.springframework.security.web.authentication.logout.LogoutFilter@4fb5adb8, com.studenterp.security.JwtAuthenticationFilter@2db15764, org.springframework.security.web.savedrequest.RequestCacheAwareFilter@4211a66, org.springframework.security.web.servletapi.SecurityContextHolderAwareRequestFilter@1ccab629, org.springframework.security.web.authentication.AnonymousAuthenticationFilter@12c53d97, org.springframework.security.web.session.SessionManagementFilter@ccd3e52, org.springframework.security.web.access.ExceptionTranslationFilter@53b83e49, org.springframework.security.web.access.intercept.AuthorizationFilter@1bbe7fcb]
2026-08-20T23:49:51.217Z  INFO 68900 --- [           main] o.s.b.w.embedded.tomcat.TomcatWebServer  : Tomcat started on port 8080 (http) with context path ''
2026-08-20T23:49:51.245Z  INFO 68900 --- [           main] com.studenterp.StudentErpApplication     : Started StudentErpApplication in 17.778 seconds (process running for 18.953)
Sample data loaded successfully!
2026-08-20T23:50:41.297Z  INFO 68900 --- [nio-8080-exec-1] o.a.c.c.C.[Tomcat].[localhost].[/]       : Initializing Spring DispatcherServlet 'dispatcherServlet'
2026-08-20T23:50:41.299Z  INFO 68900 --- [nio-8080-exec-1] o.s.web.servlet.DispatcherServlet        : Initializing Servlet 'dispatcherServlet'
2026-08-20T23:50:41.303Z  INFO 68900 --- [nio-8080-exec-1] o.s.web.servlet.DispatcherServlet        : Completed initialization in 3 ms
